// Jest Snapshot v1, https://goo.gl/fbAQLP

exports[`Find contractor components render correctly App renders correctly 1`] = `
<div
  className="trifold-content"
>
  <div
    className="trifold-middle"
  >
    <h1
      className="title"
    >
      Locate A Contractor
    </h1>
    <p
      className="subtitle"
    >
      Enter your zip code to find contractors in your area
    </p>
    <form
      className="locate-contractor-form"
      onSubmit={[Function]}
    >
      <TextField
        label="Enter zip"
        type="text"
        valueEntered={[Function]}
      />
      <Dropdown
        label="Radius"
        options={
          Array [
            5,
            10,
            15,
            20,
            25,
            30,
            35,
            40,
            45,
            50,
          ]
        }
        valueEntered={[Function]}
      />
      <div
        className="action-group"
      >
        <button
          className="btn btn-sm neutral-0"
          type="submit"
        >
          Go
        </button>
      </div>
    </form>
  </div>
</div>
`;

exports[`Find contractor components render correctly Modal renders correctly 1`] = `
<div
  className="modal-wrap is-visible"
>
  <div
    className="modal is-map"
  >
    <div
      className="modal-view"
    >
      <span
        className="dismiss-modal"
        onClick={[Function]}
      >
        x
      </span>
      <div
        className="modal-header"
      >
        <h4
          className="title"
        >
          Title!
        </h4>
      </div>
      <div
        className="modal-content"
      >
        <p
          className="paragraph"
        >
          Message!
        </p>
      </div>
    </div>
  </div>
</div>
`;

exports[`Find contractor components render correctly Panel renders correctly 1`] = `
<div
  className="panel"
>
  <div
    className="heading"
  />
  <div>
    , 
  </div>
  <div />
  <div
    className="panel-footer"
  >
    <div />
    <div
      className="row push-half--top"
    >
      <span />
      <span
        className="certifications"
      />
    </div>
  </div>
</div>
`;

exports[`Find contractor components render correctly TextField renders correctly 1`] = `
<span>
  <label
    className="label"
  >
    Test
  </label>
  <input
    className="input"
    onChange={[Function]}
    type="text"
    value=""
  />
</span>
`;
